
tcfail048.hs:3:8: Not in scope: type constructor or class `B'
