
tcfail053.hs:3:12: Not in scope: type constructor or class `A'
