
tcfail015.hs:7:13:
    No instance for (Num Bool)
      arising from the literal `2'
    Possible fix: add an instance declaration for (Num Bool)
    In the expression: 2
    In an equation for `g': g (ANull) = 2
