
tcfail166.hs:5:21:
    Illegal symbol '.' in type
    Perhaps you intended -XRankNTypes or similar flag
    to enable explicit-forall syntax: forall <tvs>. <type>
