
tcfail030.hs:1:1:
    The function `main' is not defined in module `Main'
