17711
47
17711
17711
17711
17711
47
17711
17711
17711
17711
