(False,True)
(0,1)
(False,True)
Wednesday
[10,9,8,7,6,5,4,3,2,1,0,-1,-2,-3,-4,-5,-6,-7,-8,-9,-10,-11,-12]
[1,5,9,13]
[100,93,86,79,72,65,58,51,44]
(Sunday,Saturday)
[Friday,Thursday,Wednesday,Tuesday,Monday,Sunday]
[Sunday,Monday,Tuesday,Wednesday,Thursday,Friday,Saturday]
[Wednesday,Thursday,Friday,Saturday]
[Wednesday,Thursday,Friday,Saturday]
[Friday,Thursday,Wednesday,Tuesday,Monday,Sunday]
[Monday,Tuesday,Wednesday,Thursday,Friday,Saturday]
[Monday,Wednesday,Friday]
